// Jest Snapshot v1, https://goo.gl/fbAQLP

exports[`TabbedCard renders 1`] = `
<DocumentFragment>
  <div
    class="MuiPaper-root MuiPaper-elevation MuiPaper-rounded MuiPaper-elevation1 MuiCard-root css-cxjbia-MuiPaper-root-MuiCard-root"
  >
    <div
      class="MuiCardContent-root css-lp239f-MuiCardContent-root"
    >
      <div
        class="MuiTabs-root css-1mvj89n-MuiTabs-root"
      >
        <div
          class="MuiTabs-scroller MuiTabs-fixed css-jpln7h-MuiTabs-scroller"
          style="overflow: hidden; margin-bottom: 0px;"
        >
          <div
            class="MuiTabs-flexContainer css-heg063-MuiTabs-flexContainer"
            role="tablist"
          >
            <button
              aria-selected="true"
              class="MuiButtonBase-root MuiTab-root MuiTab-textColorPrimary MuiTab-fullWidth Mui-selected css-1cg5zwj-MuiButtonBase-root-MuiTab-root"
              role="tab"
              tabindex="0"
              type="button"
            >
              Tab 1
              <span
                class="MuiTouchRipple-root css-8je8zh-MuiTouchRipple-root"
              />
            </button>
            <button
              aria-selected="false"
              class="MuiButtonBase-root MuiTab-root MuiTab-textColorPrimary MuiTab-fullWidth css-1cg5zwj-MuiButtonBase-root-MuiTab-root"
              role="tab"
              tabindex="-1"
              type="button"
            >
              Tab 2
              <span
                class="MuiTouchRipple-root css-8je8zh-MuiTouchRipple-root"
              />
            </button>
          </div>
          <span
            class="MuiTabs-indicator css-1aquho2-MuiTabs-indicator"
            style="left: 0px; width: 0px;"
          />
        </div>
      </div>
      <div>
        Content 1
      </div>
    </div>
  </div>
</DocumentFragment>
`;
